FFF
======================================================================
FAIL: test_count (test_seed.TestPrimes.test_count)
----------------------------------------------------------------------
Traceback (most recent call last):
  File "C:\Users\test\AppData\Local\Temp\opencode\specdec-ab\run-q38-mtp-t2-fix-bug-dsh\t2-fix-bug\test_seed.py", line 10, in test_count
    self.assertEqual(len(primes_upto(100)), 25)
AssertionError: 45 != 25

======================================================================
FAIL: test_first (test_seed.TestPrimes.test_first)
----------------------------------------------------------------------
Traceback (most recent call last):
  File "C:\Users\test\AppData\Local\Temp\opencode\specdec-ab\run-q38-mtp-t2-fix-bug-dsh\t2-fix-bug\test_seed.py", line 6, in test_first
    self.assertEqual(primes_upto(10), [2, 3, 5, 7])
AssertionError: Lists differ: [2, 3, 5, 6, 8] != [2, 3, 5, 7]

First differing element 3:
6
7

First list contains 1 additional elements.
First extra element 4:
8

- [2, 3, 5, 6, 8]
?           ^^^^

+ [2, 3, 5, 7]
?           ^


======================================================================
FAIL: test_limit (test_seed.TestPrimes.test_limit)
----------------------------------------------------------------------
Traceback (most recent call last):
  File "C:\Users\test\AppData\Local\Temp\opencode\specdec-ab\run-q38-mtp-t2-fix-bug-dsh\t2-fix-bug\test_seed.py", line 8, in test_limit
    self.assertEqual(primes_upto(30)[-1], 29)
AssertionError: 30 != 29

----------------------------------------------------------------------
Ran 3 tests in 0.001s

FAILED (failures=3)
